
> phitron-extension@0.1.0 build
> vite build

[36mvite v5.4.21 [32mbuilding for production...[36m[39m
transforming...
[32mΓ£ô[39m 81 modules transformed.
rendering chunks...
computing gzip size...
[2mdist/[22m[32mpublic/popup.html          [39m[1m[2m  0.43 kB[22m[1m[22m[2m Γöé gzip:  0.28 kB[22m
[2mdist/[22m[32mpublic/options.html        [39m[1m[2m  0.44 kB[22m[1m[22m[2m Γöé gzip:  0.28 kB[22m
[2mdist/[22m[35moptions.css                [39m[1m[2m 17.67 kB[22m[1m[22m[2m Γöé gzip:  3.89 kB[22m
[2mdist/[22m[35mpopup.css                  [39m[1m[2m 17.69 kB[22m[1m[22m[2m Γöé gzip:  3.91 kB[22m
[2mdist/[22m[36mpopup.js                   [39m[1m[2m  1.67 kB[22m[1m[22m[2m Γöé gzip:  0.87 kB[22m
[2mdist/[22m[36moptions.js                 [39m[1m[2m 43.62 kB[22m[1m[22m[2m Γöé gzip: 11.26 kB[22m
[2mdist/[22m[36mErrorBoundary-CnS05ikq.js  [39m[1m[2m149.07 kB[22m[1m[22m[2m Γöé gzip: 47.95 kB[22m
[32mΓ£ô built in 3.43s[39m
